../Core/Src/main.c:92:5:main	8	static
../Core/Src/main.c:144:6:SystemClock_Config	88	static
../Core/Src/main.c:185:13:MX_NVIC_Init	8	static
../Core/Src/main.c:203:13:MX_TIM3_Init	32	static
../Core/Src/main.c:248:13:MX_TIM4_Init	64	static
../Core/Src/main.c:307:13:MX_USART3_UART_Init	8	static
../Core/Src/main.c:340:13:MX_GPIO_Init	48	static
../Core/Src/main.c:405:6:HAL_TIM_PeriodElapsedCallback	24	static
../Core/Src/main.c:441:6:HAL_GPIO_EXTI_Callback	24	static
../Core/Src/main.c:586:6:Error_Handler	4	static,ignoring_inline_asm
