../Core/Src/main.c:92:5:main	8	static
../Core/Src/main.c:161:6:SystemClock_Config	88	static
../Core/Src/main.c:202:13:MX_NVIC_Init	8	static
../Core/Src/main.c:223:13:MX_TIM2_Init	32	static
../Core/Src/main.c:268:13:MX_TIM3_Init	32	static
../Core/Src/main.c:313:13:MX_TIM4_Init	64	static
../Core/Src/main.c:372:13:MX_USART3_UART_Init	8	static
../Core/Src/main.c:405:13:MX_GPIO_Init	48	static
../Core/Src/main.c:463:6:HAL_TIM_PeriodElapsedCallback	24	static
../Core/Src/main.c:510:6:HAL_GPIO_EXTI_Callback	24	static
../Core/Src/main.c:671:6:Error_Handler	4	static,ignoring_inline_asm
